[www.the303.org/tutorials/index.html]
[backblue.gif]
[fade.gif]
[index.html]
[www.the303.org/tutorials/gold_tut_header.png]
[www.the303.org/tutorials/goldsrcspraylogo.html]
[www.the303.org/tutorials/gold_texture.html]
[www.the303.org/tutorials/gold_sprite.html]
[www.the303.org/goldsrc/gmdlflowchart.html]
[www.the303.org/tutorials/gold_mdl_phys.html]
[www.the303.org/tutorials/gold_research.html]
[www.the303.org/tutorials/gold_mdl_tex_links.html]
[www.the303.org/tutorials/gold_mdl_aniremap.html]
[www.the303.org/tutorials/gold_mdl_dynpc.html]
[www.the303.org/tutorials/gold_mdl.html]
[www.the303.org/tutorials/gold_qc.html]
[www.the303.org/tutorials/gold_mdl_fix.html]
[www.the303.org/tutorials/gold_mdl_repair.html]
[www.the303.org/tutorials/gold_flappyjaws.html]
[www.the303.org/tutorials/gold_remap.html]
[www.the303.org/tutorials/sven_fullbright.html]
[www.the303.org/tutorials/gold_player_sven_comp.html]
[www.the303.org/tutorials/gold_mdl_chrome.html]
[www.the303.org/tutorials/gold_func_vehicle.html]
[www.the303.org/tutorials/spraylogo.html]
[www.the303.org/tutorials/voicerecord.html]
[www.the303.org/tutorials/index.html]
[www.the303.org/goldsrc/index.html]
[www.the303.org/tutorials/303style.css]
[www.the303.org/goldsrc/goldsrctitle.jpg]
[www.the303.org/tutorials/goldsrclogoimages/goldsrcchart.png]
[www.the303.org/tutorials/goldspray00.html]
[www.the303.org/tutorials/goldspray01.html]
[www.the303.org/tutorials/goldspray02.html]
[www.the303.org/tutorials/goldspray03.html]
[www.the303.org/tutorials/goldspray04.html]
[www.the303.org/tutorials/goldsrcspraylogo.html]
[www.the303.org/tutorials/goldteximages/introtex.jpg]
[www.the303.org/tutorials/goldteximages/introtex2.jpg]
[www.the303.org/tutorials/tutfiles/textest_examples.rar]
[www.the303.org/tutorials/gold_texture_p1.html]
[www.the303.org/tutorials/gold_texture_p2.html]
[www.the303.org/tutorials/gold_texture_p3.html]
[www.the303.org/tutorials/gold_texture_p4.html]
[www.the303.org/tutorials/gold_texture_p5.html]
[www.the303.org/tutorials/gold_texture_p6.html]
[www.the303.org/tutorials/gold_texture_p7.html]
[www.the303.org/tutorials/gold_texture_p8.html]
[www.the303.org/tutorials/gold_texture_p9.html]
[www.the303.org/tutorials/gold_texture.html]
[www.the303.org/tutorials/goldsprimages/spritetut.png]
[www.the303.org/tutorials/goldsprimages/sp_types.jpg]
[www.the303.org/tutorials/goldsprimages/sp_view.jpg]
[www.the303.org/tutorials/tutfiles/sprite_examples.rar]
[www.the303.org/tutorials/gold_sprite_p1.html]
[www.the303.org/tutorials/gold_sprite_p2.html]
[www.the303.org/tutorials/gold_sprite_p3.html]
[www.the303.org/tutorials/gold_sprite_p4.html]
[www.the303.org/tutorials/gold_sprite_p5.html]
[www.the303.org/tutorials/gold_sprite_p6.html]
[www.the303.org/tutorials/gold_sprite.html]
[www.the303.org/goldsrc/goldsrc-model-flowchart-compile.png]
[www.the303.org/source/REF.jpg]
[www.the303.org/source/animation.gif]
[www.the303.org/goldsrc/gmdlflowchart.html]
[www.the303.org/tutorials/goldphysimages/bakedphys_header.png]
[www.the303.org/tutorials/gold_mdl_3ds.html]
[www.the303.org/tutorials/gold_mdl_blend.html]
[www.the303.org/tutorials/gold_mdl_phys_3ds.html]
[www.the303.org/tutorials/gold_mdl_phys_blend.html]
[www.the303.org/tutorials/gold_mdl_phys.html]
[www.the303.org/tutorials/gold_research.html]
[www.the303.org/imaeg/bakedprocess2.png]
[www.the303.org/imaeg/bakedprocess_thumb.jpg]
[the303.org/sven/sven_texflags00.jpg]
[www.the303.org/tutorials/gold_mdl_tex_links.html]
[www.the303.org/tutorials/goldaniremapimages/aniremap_header.png]
[www.the303.org/tutorials/goldmdlimages/crowbar00.png]
[www.the303.org/tutorials/gold_mdl_aniremap_frag.html]
[www.the303.org/tutorials/gold_mdl_aniprop_3ds.html]
[www.the303.org/tutorials/gold_mdl_aniprop_blend.html]
[www.the303.org/tutorials/gold_mdl_aniremap.html]
[www.the303.org/tutorials/golddynpcimages/dyn_npc_header.png]
[www.the303.org/tutorials/goldmdlimages/linear_fix_max.png]
[www.the303.org/tutorials/goldmdlimages/linear_fix_blend.png]
[www.the303.org/tutorials/tutvideo/scientistwalking.webm]
[www.the303.org/tutorials/tutvideo/remapzombie.webm]
[www.the303.org/tutorials/gold_mdl_dynpc.html]
[www.the303.org/tutorials/goldmdlimages/mdl_tut_head.png]
[www.the303.org/tutorials/goldmdlimages/theory01.gif]
[www.the303.org/tutorials/goldmdlimages/theory02.gif]
[www.the303.org/tutorials/goldmdlimages/theory03.gif]
[www.the303.org/tutorials/goldmdlimages/tex_diff01.png]
[www.the303.org/tutorials/goldmdlimages/tex_diff02.png]
[www.the303.org/tutorials/goldmdlimages/tex_irfan01.png]
[www.the303.org/tutorials/goldchromeimages/chro_namevsflag.png]
[www.the303.org/tutorials/goldmdlimages/tex_add01.png]
[www.the303.org/tutorials/goldmdlimages/tex_mask01.png]
[www.the303.org/tutorials/goldmdlimages/tex_mask02.png]
[www.the303.org/tutorials/goldmdlimages/tex_mask03.png]
[www.the303.org/tutorials/goldmdlimages/tex_mask04.gif]
[www.the303.org/tutorials/goldmdlimages/tex_mask05.png]
[www.the303.org/tutorials/goldmdlimages/irf_mask01.png]
[www.the303.org/tutorials/goldmdlimages/irf_mask02.png]
[www.the303.org/tutorials/goldmdlimages/tex_flat01.jpg]
[www.the303.org/tutorials/goldmdlimages/tex_flat02.jpg]
[www.the303.org/tutorials/gold_mdl_khed.html]
[www.the303.org/tutorials/gold_mdl_frag.html]
[www.the303.org/tutorials/gold_mdl_maya.html]
[www.the303.org/tutorials/gold_mdl_milk.html]
[www.the303.org/tutorials/gold_mdl.html]
[www.the303.org/tutorials/goldmdlimages/glossary_title.png]
[www.the303.org/tutorials/gold_qc.html]
[www.the303.org/tutorials/gold_mdl_fix.html]
[www.the303.org/tutorials/goldmdlimages/mdl_repair_header.png]
[www.the303.org/tutorials/goldmdlimages/fix_examples.jpg]
[www.the303.org/tutorials/goldmdlimages/shift_max.gif]
[www.the303.org/tutorials/goldmdlimages/shift_blend.gif]
[www.the303.org/tutorials/goldmdlimages/shift_milk.gif]
[www.the303.org/tutorials/goldmdlimages/shift_frag.gif]
[www.the303.org/tutorials/goldmdlimages/fix_uv3dsman.gif]
[www.the303.org/tutorials/goldmdlimages/fix_uvblendman.gif]
[www.the303.org/tutorials/goldmdlimages/fix_uvfragman.gif]
[www.the303.org/tutorials/goldmdlimages/fix_texswap.gif]
[www.the303.org/tutorials/gold_mdl_3ds_gz.html]
[www.the303.org/tutorials/goldmdlimages/fix_slide01.png]
[www.the303.org/tutorials/goldmdlimages/fix_slide02.png]
[www.the303.org/tutorials/goldmdlimages/fix_slide03.png]
[the303.org/tutorials/goldmdlimages/smdformat_final.png]
[www.the303.org/tutorials/gold_mdl_repair.html]
[www.the303.org/tutorials/goldmouthimages/tutmouth01.jpg]
[www.the303.org/tutorials/goldmouthimages/tutmouthqc.png]
[www.the303.org/tutorials/goldmouthimages/tutmouth02.gif]
[www.the303.org/tutorials/goldmouthimages/tutmouth03.gif]
[www.the303.org/tutorials/goldmouthimages/tutmouth04.gif]
[www.the303.org/tutorials/goldmouthimages/tutmouth05.gif]
[www.the303.org/tutorials/gold_flappyjaws.html]
[www.the303.org/tutorials/gold_remap.html]
[www.the303.org/tutorials/goldbrightimages/glo00.png]
[www.the303.org/tutorials/goldbrightimages/glo02.png]
[www.the303.org/tutorials/goldbrightimages/glo01.png]
[www.the303.org/tutorials/goldbrightimages/glo03.jpg]
[www.the303.org/tutorials/goldbrightimages/glo04.jpg]
[www.the303.org/tutorials/goldbrightimages/glo05.jpg]
[www.the303.org/tutorials/goldbrightimages/glo06.jpg]
[www.the303.org/tutorials/goldbrightimages/glo07.jpg]
[www.the303.org/tutorials/goldbrightimages/glo08.jpg]
[www.the303.org/tutorials/goldbrightimages/glo09.jpg]
[www.the303.org/tutorials/goldbrightimages/glo10.jpg]
[www.the303.org/tutorials/goldbrightimages/glo11.jpg]
[www.the303.org/tutorials/sven_fullbright.html]
[files.gamebanana.com/bitpit/blenddissolve.gif]
[www.the303.org/tutorials/tutfiles/sven5.0_compileomatic.7z]
[www.the303.org/tutorials/gold_player_sven_comp.html]
[www.the303.org/tutorials/goldchromeimages/chrome_header.png]
[www.the303.org/tutorials/goldchromeimages/chro_examples.jpg]
[www.the303.org/tutorials/goldchromeimages/chro_goodbad.png]
[www.the303.org/tutorials/goldchromeimages/chro_exp01.png]
[www.the303.org/tutorials/goldchromeimages/chro_exp02.png]
[www.the303.org/tutorials/goldchromeimages/chro_pumpkin.jpg]
[www.the303.org/tutorials/gold_mdl_chrome.html]
[www.the303.org/tutorials/goldfvimages/func_vehicle_header.png]
[www.the303.org/tutorials/tutfiles/func_vehicle.dir]
[www.the303.org/tutorials/goldfvimages/fv_1.png]
[www.the303.org/tutorials/goldfvimages/fv_2.png]
[www.the303.org/tutorials/goldfvimages/fv_3.png]
[www.the303.org/tutorials/goldfvimages/fv_4.gif]
[www.the303.org/tutorials/goldfvimages/fv_5.gif]
[www.the303.org/tutorials/gold_func_vehicle.html]
[www.the303.org/tutorials/spraygallery.html]
[www.the303.org/tutorials/multiplayerlogo.png]
[www.the303.org/tutorials/l4dselect.jpg]
[www.the303.org/tutorials/resolutions.jpg]
[www.the303.org/tutorials/resolutionsthumb.jpg]
[www.the303.org/tutorials/resolutions2.jpg]
[www.the303.org/tutorials/resolutionsthumb2.jpg]
[www.the303.org/tutorials/alphachannel.jpg]
[www.the303.org/tutorials/mipmaps1.jpg]
[www.the303.org/tutorials/mipmapdist.jpg]
[www.the303.org/tutorials/mipmapdistthumb.jpg]
[www.the303.org/tutorials/tutorial01.html]
[www.the303.org/tutorials/tutorial02.html]
[www.the303.org/tutorials/tutorial03.html]
[www.the303.org/tutorials/tutorial04.html]
[www.the303.org/tutorials/tutorial05.html]
[www.the303.org/tutorials/spraylogo.html]
[www.the303.org/tutorials/voicelist.png]
[www.the303.org/tutorials/voicerecord.html]
[www.the303.org/303style.css]
[www.the303.org/tutorials/goldsrclogoimages/rem01.png]
[www.the303.org/tutorials/goldsrclogoimages/remir.png]
[www.the303.org/tutorials/goldsrclogoimages/rem02.gif]
[www.the303.org/tutorials/goldsrclogoimages/rem03.jpg]
[www.the303.org/tutorials/goldspray00.html]
[www.the303.org/tutorials/goldsrclogoimages/static01.jpg]
[www.the303.org/tutorials/goldsrclogoimages/static02.png]
[www.the303.org/tutorials/goldsrclogoimages/static03.jpg]
[www.the303.org/tutorials/goldsrclogoimages/static04.png]
[www.the303.org/tutorials/goldsrclogoimages/static05.png]
[www.the303.org/tutorials/goldsrclogoimages/logo05.png]
[www.the303.org/tutorials/goldsrclogoimages/tempdecalread.png]
[www.the303.org/tutorials/goldsrclogoimages/finishednotrans.jpg]
[www.the303.org/tutorials/goldspray01.html]
[www.the303.org/tutorials/goldsrclogoimages/pstart.jpg]
[www.the303.org/tutorials/goldsrclogoimages/pspath.jpg]
[www.the303.org/tutorials/goldsrclogoimages/psaddlayermask.jpg]
[www.the303.org/tutorials/goldsrclogoimages/psmask.jpg]
[www.the303.org/tutorials/goldsrclogoimages/pscrop.jpg]
[www.the303.org/tutorials/goldsrclogoimages/psresize.png]
[www.the303.org/tutorials/goldsrclogoimages/psunsharp.jpg]
[www.the303.org/tutorials/goldsrclogoimages/psmask.png]
[www.the303.org/tutorials/goldsrclogoimages/threshold.gif]
[www.the303.org/tutorials/goldsrclogoimages/psflatten.png]
[www.the303.org/tutorials/goldsrclogoimages/decaload.png]
[www.the303.org/tutorials/goldsrclogoimages/decalcolour.png]
[www.the303.org/tutorials/goldsrclogoimages/decalsavewad.png]
[www.the303.org/tutorials/goldsrclogoimages/finished.jpg]
[www.the303.org/tutorials/goldspray02.html]
[www.the303.org/tutorials/goldsrclogoimages/wally01.png]
[www.the303.org/tutorials/goldsrclogoimages/wally02.png]
[www.the303.org/tutorials/goldsrclogoimages/wally03.png]
[www.the303.org/tutorials/goldsrclogoimages/wally04.png]
[www.the303.org/tutorials/goldsrclogoimages/wally05.png]
[www.the303.org/tutorials/goldsrclogoimages/wally06.png]
[www.the303.org/tutorials/goldsrclogoimages/wally06.gif]
[www.the303.org/tutorials/goldsrclogoimages/wally07.png]
[www.the303.org/tutorials/goldsrclogoimages/wally08.png]
[www.the303.org/tutorials/goldsrclogoimages/wally09.jpg]
[www.the303.org/tutorials/goldspray03.html]
[www.the303.org/tutorials/goldspray04.html]
[www.the303.org/tutorials/gold_texture_p1l.html]
[www.the303.org/tutorials/goldteximages/tex01.jpg]
[www.the303.org/tutorials/goldteximages/tex02wm.png]
[www.the303.org/tutorials/goldteximages/wadmaker01.gif]
[www.the303.org/tutorials/goldteximages/tex03wm.png]
[www.the303.org/tutorials/goldteximages/tex_hltt1.png]
[www.the303.org/tutorials/goldteximages/tex_hltt2.png]
[www.the303.org/tutorials/goldteximages/tex08.jpg]
[www.the303.org/tutorials/goldteximages/tex09.jpg]
[www.the303.org/tutorials/goldteximages/tex10.jpg]
[www.the303.org/tutorials/goldteximages/tex11.jpg]
[www.the303.org/tutorials/goldteximages/jackcsg.png]
[www.the303.org/tutorials/goldteximages/tex12.jpg]
[www.the303.org/tutorials/goldteximages/texbsp.jpg]
[www.the303.org/tutorials/gold_texture_p1.html]
[www.the303.org/tutorials/gold_texture_p2l.html]
[www.the303.org/tutorials/goldteximages/trs01wm.png]
[www.the303.org/tutorials/goldteximages/wadmakert.png]
[www.the303.org/tutorials/goldteximages/trs11.jpg]
[www.the303.org/tutorials/goldteximages/trs12.jpg]
[www.the303.org/tutorials/goldteximages/trs13.jpg]
[www.the303.org/tutorials/goldteximages/trs14.jpg]
[www.the303.org/tutorials/gold_texture_p2.html]
[www.the303.org/tutorials/goldteximages/add02.jpg]
[www.the303.org/tutorials/goldteximages/add03.jpg]
[www.the303.org/tutorials/goldteximages/add04.jpg]
[www.the303.org/tutorials/gold_texture_p3.html]
[www.the303.org/tutorials/goldteximages/ani00.jpg]
[www.the303.org/tutorials/goldteximages/ani01.jpg]
[www.the303.org/tutorials/goldteximages/ani02.jpg]
[www.the303.org/tutorials/goldteximages/ani03.jpg]
[www.the303.org/tutorials/goldteximages/ani04.jpg]
[www.the303.org/tutorials/goldteximages/ani05.jpg]
[www.the303.org/tutorials/goldteximages/ani06.jpg]
[www.the303.org/tutorials/goldteximages/ani08.jpg]
[www.the303.org/tutorials/goldteximages/letmein.gif]
[www.the303.org/tutorials/gold_texture_p4.html]
[www.the303.org/tutorials/goldteximages/tog01.jpg]
[www.the303.org/tutorials/goldteximages/toggle.gif]
[www.the303.org/tutorials/goldteximages/tog02.jpg]
[www.the303.org/tutorials/goldteximages/tog03.jpg]
[www.the303.org/tutorials/goldteximages/toggleanim.gif]
[www.the303.org/tutorials/goldteximages/tog04.jpg]
[www.the303.org/tutorials/gold_texture_p5.html]
[www.the303.org/tutorials/goldteximages/toggleanim2.gif]
[www.the303.org/tutorials/goldteximages/wat01.jpg]
[www.the303.org/tutorials/goldteximages/wat02.jpg]
[www.the303.org/tutorials/goldteximages/wat03.jpg]
[www.the303.org/tutorials/goldteximages/wat04.jpg]
[www.the303.org/tutorials/goldteximages/wat05.jpg]
[www.the303.org/tutorials/goldteximages/wat06.jpg]
[www.the303.org/tutorials/goldteximages/wat07.jpg]
[www.the303.org/tutorials/goldteximages/wat08.jpg]
[www.the303.org/tutorials/goldteximages/slimeaction.gif]
[www.the303.org/tutorials/goldteximages/float.gif]
[www.the303.org/tutorials/goldteximages/waterdepth.jpg]
[www.the303.org/tutorials/gold_texture_p6.html]
[www.the303.org/tutorials/goldteximages/scr01.png]
[www.the303.org/tutorials/goldteximages/scr02.jpg]
[www.the303.org/tutorials/goldteximages/scr03.jpg]
[www.the303.org/tutorials/goldteximages/scr04.gif]
[www.the303.org/tutorials/goldteximages/scr05.jpg]
[www.the303.org/tutorials/goldteximages/scr06.jpg]
[www.the303.org/tutorials/goldteximages/scr07.gif]
[www.the303.org/tutorials/goldteximages/scr08.gif]
[www.the303.org/tutorials/gold_texture_p7.html]
[www.the303.org/tutorials/goldteximages/sky01.jpg]
[www.the303.org/tutorials/goldteximages/sky02.gif]
[www.the303.org/tutorials/goldteximages/skyt01.jpg]
[www.the303.org/tutorials/goldteximages/skyt02.jpg]
[www.the303.org/tutorials/goldteximages/skyt03.jpg]
[www.the303.org/tutorials/goldteximages/skyt04.jpg]
[www.the303.org/tutorials/goldteximages/skyt05.jpg]
[www.the303.org/tutorials/goldteximages/skyt06.jpg]
[www.the303.org/tutorials/goldteximages/skyt07.jpg]
[www.the303.org/tutorials/goldteximages/skyp01.jpg]
[www.the303.org/tutorials/goldteximages/skyp02.gif]
[www.the303.org/tutorials/goldteximages/skyp03.jpg]
[www.the303.org/tutorials/goldteximages/skyp04.gif]
[www.the303.org/tutorials/goldteximages/skyp05.jpg]
[www.the303.org/tutorials/goldteximages/skyp06.jpg]
[www.the303.org/tutorials/goldteximages/skyp07.jpg]
[www.the303.org/tutorials/goldteximages/skyp08.jpg]
[www.the303.org/tutorials/goldteximages/skyp09.jpg]
[www.the303.org/tutorials/goldteximages/irviewset.png]
[www.the303.org/tutorials/goldteximages/skyp11.jpg]
[www.the303.org/tutorials/goldteximages/skyp12.jpg]
[www.the303.org/tutorials/goldteximages/ble01.jpg]
[www.the303.org/tutorials/goldteximages/ble02.jpg]
[www.the303.org/tutorials/goldteximages/ble03.jpg]
[www.the303.org/tutorials/goldteximages/ble04.jpg]
[www.the303.org/tutorials/goldteximages/ble05.jpg]
[www.the303.org/tutorials/goldteximages/ble06.jpg]
[www.the303.org/tutorials/goldteximages/ble07.jpg]
[www.the303.org/tutorials/goldteximages/ble09.jpg]
[www.the303.org/tutorials/goldteximages/ble10.jpg]
[www.the303.org/tutorials/goldteximages/max01.jpg]
[www.the303.org/tutorials/goldteximages/max02.jpg]
[www.the303.org/tutorials/goldteximages/max03.jpg]
[www.the303.org/tutorials/goldteximages/max04.jpg]
[www.the303.org/tutorials/goldteximages/max05.jpg]
[www.the303.org/tutorials/goldteximages/max06.jpg]
[www.the303.org/tutorials/goldteximages/max07.jpg]
[www.the303.org/tutorials/goldteximages/max08.jpg]
[www.the303.org/tutorials/goldteximages/max09.jpg]
[www.the303.org/tutorials/goldteximages/max10.jpg]
[www.the303.org/tutorials/goldteximages/max11.jpg]
[www.the303.org/tutorials/goldteximages/max13.jpg]
[www.the303.org/tutorials/goldteximages/max14.jpg]
[www.the303.org/tutorials/goldteximages/src01.jpg]
[www.the303.org/tutorials/goldteximages/src02.jpg]
[www.the303.org/tutorials/goldteximages/src03.jpg]
[www.the303.org/tutorials/goldteximages/src04.jpg]
[www.the303.org/tutorials/goldteximages/src05.png]
[www.the303.org/tutorials/goldteximages/src06.jpg]
[www.the303.org/tutorials/goldteximages/src07.jpg]
[www.the303.org/tutorials/gold_texture_p8.html]
[www.the303.org/tutorials/goldteximages/det00.gif]
[www.the303.org/tutorials/goldteximages/det01.gif]
[www.the303.org/tutorials/goldteximages/det02.gif]
[www.the303.org/tutorials/goldteximages/det03.gif]
[www.the303.org/tutorials/goldteximages/det04.jpg]
[www.the303.org/tutorials/goldteximages/det05.gif]
[www.the303.org/tutorials/goldteximages/det06.gif]
[www.the303.org/tutorials/goldteximages/det07.jpg]
[www.the303.org/tutorials/goldteximages/det08.jpg]
[www.the303.org/tutorials/goldteximages/det09.jpg]
[www.the303.org/tutorials/goldteximages/det10.jpg]
[www.the303.org/tutorials/goldteximages/det11.jpg]
[www.the303.org/tutorials/goldteximages/det12.jpg]
[www.the303.org/tutorials/goldteximages/det13.jpg]
[www.the303.org/tutorials/goldteximages/det14.jpg]
[www.the303.org/tutorials/goldteximages/det14a.jpg]
[www.the303.org/tutorials/goldteximages/det15.jpg]
[www.the303.org/tutorials/goldteximages/det16.jpg]
[www.the303.org/tutorials/gold_texture_p9.html]
[www.the303.org/tutorials/goldsprimages/sp_nor01.jpg]
[www.the303.org/tutorials/goldsprimages/sp_nor02.jpg]
[www.the303.org/tutorials/goldsprimages/sp_nor03.png]
[www.the303.org/tutorials/goldsprimages/sp_norf1.jpg]
[www.the303.org/tutorials/goldsprimages/sp_nor04.jpg]
[www.the303.org/tutorials/goldsprimages/sp_nor05.jpg]
[www.the303.org/tutorials/goldsprimages/sp_nor06.jpg]
[www.the303.org/tutorials/goldsprimages/sp_nor07.jpg]
[www.the303.org/tutorials/goldsprimages/sp_nor08.jpg]
[www.the303.org/tutorials/goldsprimages/sp_nor09.gif]
[www.the303.org/tutorials/gold_sprite_p1.html]
[www.the303.org/tutorials/goldsprimages/sp_add01.png]
[www.the303.org/tutorials/goldsprimages/sp_add06.png]
[www.the303.org/tutorials/goldsprimages/sp_add07.png]
[www.the303.org/tutorials/goldsprimages/sp_add09.jpg]
[www.the303.org/tutorials/goldsprimages/sp_add10.jpg]
[www.the303.org/tutorials/goldsprimages/sp_add11.jpg]
[www.the303.org/tutorials/goldsprimages/sp_move.gif]
[www.the303.org/tutorials/gold_sprite_p2.html]
[www.the303.org/tutorials/goldsprimages/sp_ind01.png]
[www.the303.org/tutorials/goldsprimages/sp_ind02.png]
[www.the303.org/tutorials/goldsprimages/sp_ind03.png]
[www.the303.org/tutorials/goldsprimages/sp_irfan2.png]
[www.the303.org/tutorials/goldsprimages/sp_ind04.png]
[www.the303.org/tutorials/goldsprimages/sp_ind07.jpg]
[www.the303.org/tutorials/goldsprimages/sp_ind08.jpg]
[www.the303.org/tutorials/goldsprimages/sp_ind09.jpg]
[www.the303.org/tutorials/goldsprimages/sp_ind10.jpg]
[www.the303.org/tutorials/gold_sprite_p3.html]
[www.the303.org/tutorials/goldsprimages/sp_mas01.jpg]
[www.the303.org/tutorials/goldsprimages/sp_mas02.jpg]
[www.the303.org/tutorials/goldsprimages/sp_mas03.jpg]
[www.the303.org/tutorials/goldsprimages/sp_mas04.jpg]
[www.the303.org/tutorials/goldsprimages/sp_mas05.gif]
[www.the303.org/tutorials/goldsprimages/sp_mas06.jpg]
[www.the303.org/tutorials/goldsprimages/sp_mas07.png]
[www.the303.org/tutorials/goldsprimages/sp_mas07.gif]
[www.the303.org/tutorials/goldsprimages/sp_mas08.jpg]
[www.the303.org/tutorials/goldsprimages/sp_mas09.jpg]
[www.the303.org/tutorials/goldsprimages/sp_irf01.jpg]
[www.the303.org/tutorials/goldsprimages/sp_irf02.jpg]
[www.the303.org/tutorials/gold_sprite_p4.html]
[www.the303.org/tutorials/goldsprimages/sp_ani00.png]
[www.the303.org/tutorials/goldsprimages/sp_ani01.png]
[www.the303.org/tutorials/goldsprimages/sp_ani02.gif]
[www.the303.org/tutorials/goldsprimages/sp_ani03.png]
[www.the303.org/tutorials/goldsprimages/sp_ani04.png]
[www.the303.org/tutorials/goldsprimages/sp_ani05.gif]
[www.the303.org/tutorials/goldsprimages/sp_ani06.png]
[www.the303.org/tutorials/goldsprimages/sp_ani07.png]
[www.the303.org/tutorials/goldsprimages/sp_ani08.gif]
[www.the303.org/tutorials/goldsprimages/sp_ani09.gif]
[www.the303.org/tutorials/goldsprimages/sp_ani10.gif]
[www.the303.org/tutorials/goldsprimages/sp_ani11.gif]
[www.the303.org/tutorials/goldsprimages/sp_ani12.png]
[www.the303.org/tutorials/goldsprimages/sp_ani13.png]
[www.the303.org/tutorials/goldsprimages/sp_ani14.png]
[www.the303.org/tutorials/goldsprimages/sp_ani15.png]
[www.the303.org/tutorials/goldsprimages/sp_ani16.jpg]
[www.the303.org/tutorials/tutvideo/sciscream.webm]
[www.the303.org/tutorials/goldsprimages/sp_ani17.jpg]
[www.the303.org/tutorials/goldsprimages/sp_ani18.png]
[www.the303.org/tutorials/goldsprimages/sp_ani19.png]
[www.the303.org/tutorials/goldsprimages/sp_ani20.png]
[www.the303.org/tutorials/goldsprimages/sp_ani21.png]
[www.the303.org/tutorials/goldsprimages/sp_ani22.gif]
[www.the303.org/tutorials/goldsprimages/sp_ani23.png]
[www.the303.org/tutorials/goldsprimages/sp_ani24.png]
[www.the303.org/tutorials/goldsprimages/sp_ani25.png]
[www.the303.org/tutorials/goldsprimages/sp_ani26.gif]
[www.the303.org/tutorials/goldsprimages/sp_ani27.gif]
[www.the303.org/tutorials/gold_sprite_p5.html]
[www.the303.org/tutorials/goldsprimages/sp_beax1.gif]
[www.the303.org/tutorials/goldsprimages/sp_bea01.png]
[www.the303.org/tutorials/goldsprimages/sp_bea02.png]
[www.the303.org/tutorials/goldsprimages/sp_bea03.jpg]
[www.the303.org/tutorials/goldsprimages/sp_beax3.gif]
[www.the303.org/tutorials/goldsprimages/sp_bea04.jpg]
[www.the303.org/tutorials/goldsprimages/sp_beax4.gif]
[www.the303.org/tutorials/goldsprimages/sp_bea05.jpg]
[www.the303.org/tutorials/goldsprimages/sp_beax5.gif]
[www.the303.org/tutorials/goldsprimages/sp_bea06.jpg]
[www.the303.org/tutorials/gold_sprite_p6.html]
[www.the303.org/tutorials/goldsprimages/sp_beax6.gif]
[www.the303.org/tutorials/goldmdlimages/3dsmax_header.png]
[www.the303.org/tutorials/gold_mdl_3ds_ww.html]
[www.the303.org/tutorials/gold_mdl_3ds_wu.html]
[www.the303.org/tutorials/gold_mdl_3ds.html]
[www.the303.org/tutorials/goldmdlimages/blender_header.png]
[www.the303.org/tutorials/gold_mdl_blend279.html]
[www.the303.org/tutorials/goldmdlimages/blend_exp01.png]
[www.the303.org/tutorials/goldmdlimages/blend_exp02.png]
[www.the303.org/tutorials/gold_mdl_comp.html]
[www.the303.org/tutorials/goldmdlimages/blend_exp03.png]
[www.the303.org/tutorials/goldmdlimages/blend_imp01.png]
[www.the303.org/tutorials/goldmdlimages/blend_imp02.jpg]
[www.the303.org/tutorials/goldmdlimages/blend_smo01.png]
[www.the303.org/tutorials/goldmdlimages/blend_smo02.png]
[www.the303.org/tutorials/goldmdlimages/blend_smo03.png]
[www.the303.org/tutorials/goldmdlimages/blend_imp03.png]
[www.the303.org/tutorials/gold_mdl_blend.html]
[www.the303.org/tutorials/goldphysimages/3ds_phys01.png]
[www.the303.org/tutorials/goldphysimages/3ds_phys02.jpg]
[www.the303.org/tutorials/goldphysimages/3ds_phys03.png]
[www.the303.org/tutorials/goldphysimages/3ds_phys04.png]
[www.the303.org/tutorials/goldphysimages/3ds_phys05.png]
[www.the303.org/tutorials/gold_mdl_phys_map.html]
[www.the303.org/tutorials/goldphysimages/physco00.jpg]
[www.the303.org/tutorials/goldphysimages/3ds_physco01.png]
[www.the303.org/tutorials/goldphysimages/3ds_physco02.png]
[www.the303.org/tutorials/gold_mdl_phys_3ds.html]
[www.the303.org/tutorials/gold_mdl_phys_blend279.html]
[www.the303.org/tutorials/goldphysimages/blend_phys01.jpg]
[www.the303.org/tutorials/goldphysimages/blend_phys02.jpg]
[www.the303.org/tutorials/goldphysimages/blend_phys03.jpg]
[www.the303.org/tutorials/goldphysimages/blend_phys04.jpg]
[www.the303.org/tutorials/goldphysimages/blend_phys05.jpg]
[www.the303.org/tutorials/goldphysimages/blend_phys06.jpg]
[www.the303.org/tutorials/goldphysimages/blend_phys07.jpg]
[www.the303.org/tutorials/goldphysimages/blend_phys08.jpg]
[www.the303.org/tutorials/goldphysimages/blend_phys_re.jpg]
[www.the303.org/tutorials/gold_mdl_phys_blend.html]
[www.the303.org/tutorials/tutfiles/rename_template2.html]
[www.the303.org/tutorials/tutfiles/rename_template1.html]
[www.the303.org/tutorials/goldmdlimages/fragmotion_header.png]
[www.the303.org/tutorials/goldaniremapimages/aniremap_frag01.png]
[www.the303.org/tutorials/goldaniremapimages/aniremap_frag02.png]
[www.the303.org/tutorials/goldaniremapimages/aniremap_frag03.png]
[www.the303.org/tutorials/goldaniremapimages/aniremap_frag04.png]
[www.the303.org/tutorials/goldaniremapimages/aniremap_frag05.png]
[www.the303.org/tutorials/goldaniremapimages/aniremap_frag06.gif]
[www.the303.org/tutorials/goldaniremapimages/aniremap_frag07.png]
[www.the303.org/tutorials/goldaniremapimages/aniremap_frag08.gif]
[www.the303.org/tutorials/gold_mdl_aniremap_frag.html]
[www.the303.org/tutorials/goldanipropimages/aniprop_3ds01.png]
[www.the303.org/tutorials/goldanipropimages/aniprop_3ds02.png]
[www.the303.org/tutorials/goldanipropimages/aniprop_3ds03.png]
[www.the303.org/tutorials/goldanipropimages/aniprop_3ds04.png]
[www.the303.org/tutorials/gold_mdl_aniprop_3ds.html]
[www.the303.org/tutorials/goldanipropimages/aniprop_blend01.png]
[www.the303.org/tutorials/goldanipropimages/aniprop_blend02.png]
[www.the303.org/tutorials/goldanipropimages/blend04.png]
[www.the303.org/tutorials/gold_mdl_aniprop_blend.html]
[www.the303.org/tutorials/goldmdlimages/khed_header.png]
[www.the303.org/tutorials/goldmdlimages/khed_exp01.png]
[www.the303.org/tutorials/goldmdlimages/khed_imp01.png]
[www.the303.org/tutorials/goldmdlimages/khed_imp02.gif]
[www.the303.org/tutorials/gold_mdl_khed.html]
[www.the303.org/tutorials/goldmdlimages/frag_exp01.png]
[www.the303.org/tutorials/goldmdlimages/frag_exp02.png]
[www.the303.org/tutorials/goldmdlimages/frag_imp01.png]
[www.the303.org/tutorials/goldmdlimages/frag_imp02.png]
[www.the303.org/tutorials/goldmdlimages/frag_imp03.png]
[www.the303.org/tutorials/gold_mdl_frag.html]
[www.the303.org/tutorials/goldmdlimages/maya_ex_01.png]
[www.the303.org/tutorials/goldmdlimages/maya_ex_02.png]
[www.the303.org/tutorials/goldmdlimages/maya_ex_03.png]
[www.the303.org/tutorials/goldmdlimages/maya_ex_04.png]
[www.the303.org/tutorials/goldmdlimages/maya_ex_05.png]
[www.the303.org/tutorials/goldmdlimages/maya_ex_06.png]
[www.the303.org/tutorials/gold_mdl_maya.html]
[www.the303.org/tutorials/goldmdlimages/ms3d_header.png]
[www.the303.org/tutorials/goldmdlimages/milk_exp01.png]
[www.the303.org/tutorials/goldmdlimages/milk_exp02.png]
[www.the303.org/tutorials/goldmdlimages/milk_imp01.png]
[www.the303.org/tutorials/gold_mdl_milk.html]
[www.the303.org/tutorials/goldmdlimages/3ds_exp01.png]
[www.the303.org/tutorials/goldmdlimages/3ds_exp02.png]
[www.the303.org/tutorials/goldmdlimages/3ds_imp01.png]
[www.the303.org/tutorials/goldmdlimages/3ds_imp02.png]
[www.the303.org/tutorials/goldmdlimages/3ds_smooth.png]
[www.the303.org/tutorials/goldmdlimages/3ds_imp04.jpg]
[www.the303.org/tutorials/gold_mdl_3ds_gz.html]
[www.the303.org/tutorials/middle.1e3.delayed]
[www.the303.org/tutorials/galleryimages/gallery.jpg]
[www.the303.org/tutorials/galleryimages/developers.gif]
[www.the303.org/tutorials/galleryimages/billsux.gif]
[www.the303.org/tutorials/galleryimages/halo.gif]
[www.the303.org/tutorials/galleryimages/kick.gif]
[www.the303.org/tutorials/tutorial4images/putinfade.gif]
[www.the303.org/tutorials/spraygallery.html]
[www.the303.org/tutorials/tutorial1images/staticnotranspsd01.jpg]
[www.the303.org/tutorials/tutorial1images/staticnotranspsd02.jpg]
[www.the303.org/tutorials/tutorial1images/staticnotranspsd03.jpg]
[www.the303.org/tutorials/tutorial1images/staticnotranspsd04.png]
[www.the303.org/tutorials/tutorial1images/staticnotrans01.png]
[www.the303.org/tutorials/tutorial1images/staticnotrans02.png]
[www.the303.org/tutorials/tutorial1images/staticnotrans03.png]
[www.the303.org/tutorials/tutorial1images/staticnotrans04.png]
[www.the303.org/tutorials/tutorial1images/staticnotrans05.png]
[www.the303.org/tutorials/nost.jpg]
[www.the303.org/tutorials/tutorial1images/staticnotrans06.png]
[www.the303.org/tutorials/tutorial1images/staticnotrans07.jpg]
[www.the303.org/tutorials/tutorial1images/staticnotrans08.jpg]
[www.the303.org/tutorials/tutorial01.html]
[www.the303.org/tutorials/tutorial2images/transparentt01.jpg]
[www.the303.org/tutorials/tutorial2images/transparentt02.jpg]
[www.the303.org/tutorials/tutorial2images/path01.png]
[www.the303.org/tutorials/tutorial2images/path02.png]
[www.the303.org/tutorials/tutorial2images/path01-01.png]
[www.the303.org/tutorials/tutorial2images/path03.png]
[www.the303.org/tutorials/tutorial2images/transparentt03.jpg]
[www.the303.org/tutorials/tutorial2images/transparentt04.jpg]
[www.the303.org/tutorials/tutorial2images/transparentt05.jpg]
[www.the303.org/tutorials/tutorial2images/transparentt06.jpg]
[www.the303.org/tutorials/tutorial2images/transparentt07.jpg]
[www.the303.org/tutorials/tutorial2images/transparentt08.jpg]
[www.the303.org/tutorials/tutorial2images/transparentt09.jpg]
[www.the303.org/tutorials/tutorial2images/transparentt10.jpg]
[www.the303.org/tutorials/tutorial2images/transparentt11.jpg]
[www.the303.org/tutorials/tutorial2images/whitebleed.jpg]
[www.the303.org/tutorials/tutorial2images/bleeddemo1.png]
[www.the303.org/tutorials/tutorial2images/bleeddemo2.jpg]
[www.the303.org/tutorials/tutorial2images/transparenttpng.jpg]
[www.the303.org/tutorials/tutorial2images/transparentt12.jpg]
[www.the303.org/tutorials/tutorial2images/transparentt13.jpg]
[www.the303.org/tutorials/tutorial2images/tgasave.png]
[www.the303.org/tutorials/tutorial2images/transparentt14.png]
[www.the303.org/tutorials/tutorial2images/transparentt15.jpg]
[www.the303.org/tutorials/tutorial2images/pngmask.png]
[www.the303.org/tutorials/tutorial2images/transparentt16.png]
[www.the303.org/tutorials/tutorial2images/transparentt17.png]
[www.the303.org/tutorials/tutorial2images/transparentt18.png]
[www.the303.org/tutorials/tutorial2images/transparentt19.jpg]
[www.the303.org/tutorials/tutorial2images/transparentt20.jpg]
[www.the303.org/tutorials/tutorial02.html]
[www.the303.org/tutorials/tutorial3images/spraylogochart.png]
[www.the303.org/tutorials/tutorial3images/toads.png]
[www.the303.org/tutorials/tutorial3images/animated01.png]
[www.the303.org/tutorials/tutorial3images/animated02.png]
[www.the303.org/tutorials/tutorial3images/animationpreview.gif]
[www.the303.org/tutorials/tutorial3images/animated03.png]
[www.the303.org/tutorials/tutorial3images/hypnotoad.gif]
[www.the303.org/tutorials/tutorial3images/vidframes01.jpg]
[www.the303.org/tutorials/tutorial3images/vidframes02.jpg]
[www.the303.org/tutorials/tutorial3images/vidframes03.jpg]
[www.the303.org/tutorials/tutorial3images/frames01.png]
[www.the303.org/tutorials/tutorial3images/frames02.jpg]
[www.the303.org/tutorials/tutorial3images/continue.jpg]
[www.the303.org/tutorials/tutorial3images/facestabpreview1.gif]
[www.the303.org/tutorials/tutorial3images/vidframes05.jpg]
[www.the303.org/tutorials/tutorial3images/facestabpreview2.gif]
[www.the303.org/tutorials/tutorial3images/vidframes06.jpg]
[www.the303.org/tutorials/tutorial3images/vidframes07.jpg]
[www.the303.org/tutorials/tutorial3images/vidframes08.jpg]
[www.the303.org/tutorials/tutorial3images/vidframes09.png]
[www.the303.org/tutorials/tutorial3images/vidframes10.png]
[www.the303.org/tutorials/tutorial3images/vidframes11.png]
[www.the303.org/tutorials/tutorial3images/vidframes12.png]
[www.the303.org/tutorials/tutorial3images/facestabfinal.gif]
[www.the303.org/tutorials/tutorial03.html]
[www.the303.org/tutorials/tutorial4images/fading1.png]
[www.the303.org/tutorials/tutorial4images/fading2.png]
[www.the303.org/tutorials/tutorial4images/fading3.png]
[www.the303.org/tutorials/tutorial4images/fading4.png]
[www.the303.org/tutorials/tutorial4images/boofade.gif]
[www.the303.org/tutorials/tutorial4images/knees01.jpg]
[www.the303.org/tutorials/tutorial4images/knees02.png]
[www.the303.org/tutorials/tutorial4images/knees03.png]
[www.the303.org/tutorials/tutorial4images/mippreview.jpg]
[www.the303.org/tutorials/tutorial4images/knees04.jpg]
[www.the303.org/tutorials/tutorial4images/knees05.jpg]
[www.the303.org/tutorials/tutorial4images/knees06.jpg]
[www.the303.org/tutorials/tutorial4images/knees07.jpg]
[www.the303.org/tutorials/tutorial4images/knees08.jpg]
[www.the303.org/tutorials/tutorial4images/knees09.png]
[www.the303.org/tutorials/tutorial4images/knees10.png]
[www.the303.org/tutorials/tutorial4images/knees11.png]
[www.the303.org/tutorials/tutorial4images/knees12.png]
[www.the303.org/tutorials/tutorial4images/knees.gif]
[www.the303.org/tutorials/tutorial4images/creep.jpg]
[www.the303.org/tutorials/tutorial4images/creep.gif]
[www.the303.org/tutorials/tutorial04.html]
[www.the303.org/tutorials/tutorial5images/mario01.png]
[www.the303.org/tutorials/tutorial5images/mario02.png]
[www.the303.org/tutorials/tutorial5images/mario03.png]
[www.the303.org/tutorials/tutorial5images/mario04.jpg]
[www.the303.org/tutorials/tutorial5images/mario05.jpg]
[www.the303.org/tutorials/tutorial5images/compression.png]
[www.the303.org/tutorials/tutorial5images/mario06.jpg]
[www.the303.org/tutorials/tutorial5images/mario07.jpg]
[www.the303.org/tutorials/tutorial5images/spritechart.png]
[www.the303.org/tutorials/tutorial5images/vtfcreation.png]
[www.the303.org/tutorials/tutorial05.html]
[www.the303.org/tutorials/goldteximages/tex02.jpg]
[www.the303.org/tutorials/goldteximages/tex03.jpg]
[www.the303.org/tutorials/goldteximages/tex04.jpg]
[www.the303.org/tutorials/goldteximages/tex05.jpg]
[www.the303.org/tutorials/goldteximages/texa1.jpg]
[www.the303.org/tutorials/goldteximages/texa2.jpg]
[www.the303.org/tutorials/goldteximages/texa3.jpg]
[www.the303.org/tutorials/goldteximages/tex06.jpg]
[www.the303.org/tutorials/goldteximages/texx6.gif]
[www.the303.org/tutorials/goldteximages/tex07.jpg]
[www.the303.org/tutorials/gold_texture_p1l.html]
[www.the303.org/tutorials/gold_texture_p10.html]
[www.the303.org/tutorials/goldteximages/trs01.jpg]
[www.the303.org/tutorials/goldteximages/trs02.jpg]
[www.the303.org/tutorials/goldteximages/trs03.jpg]
[www.the303.org/tutorials/goldteximages/trsx4.jpg]
[www.the303.org/tutorials/goldteximages/trsx6.jpg]
[www.the303.org/tutorials/goldteximages/trsx7.gif]
[www.the303.org/tutorials/goldteximages/trs10.jpg]
[www.the303.org/tutorials/gold_texture_p2l.html]
[www.the303.org/tutorials/goldsrcskybox.html]
[www.the303.org/tutorials/goldmdlimages/3ds_ww_exp01.png]
[www.the303.org/tutorials/goldmdlimages/3ds_ww_exp02.png]
[www.the303.org/tutorials/goldmdlimages/3ds_ww_exp02a.png]
[www.the303.org/tutorials/goldmdlimages/3ds_ww_exp03.png]
[www.the303.org/tutorials/goldmdlimages/3ds_ww_exp04.png]
[www.the303.org/tutorials/goldmdlimages/3ds_imp03.jpg]
[www.the303.org/tutorials/goldmdlimages/3ds_ww_exp05.png]
[www.the303.org/tutorials/goldmdlimages/3ds_ww_exp06.png]
[www.the303.org/tutorials/gold_mdl_3ds_ww.html]
[www.the303.org/tutorials/goldmdlimages/3dsl_exp01.png]
[www.the303.org/tutorials/goldmdlimages/3dsl_exp02.png]
[www.the303.org/tutorials/goldmdlimages/3dsl_imp01.png]
[www.the303.org/tutorials/goldmdlimages/3dsl_imp02.png]
[www.the303.org/tutorials/goldmdlimages/3dsl_imp03.jpg]
[www.the303.org/tutorials/goldmdlimages/3dsl_imp04.png]
[www.the303.org/tutorials/gold_mdl_3ds_wu.html]
[www.the303.org/tutorials/goldmdlimages/blender_header279.png]
[www.the303.org/tutorials/goldmdlimages/blendl_exp01.png]
[www.the303.org/tutorials/goldmdlimages/blendl_exp02.png]
[www.the303.org/tutorials/goldmdlimages/blendl_exp03.png]
[www.the303.org/tutorials/goldmdlimages/blendl_imp01.png]
[www.the303.org/tutorials/goldmdlimages/blendl_imp02.png]
[www.the303.org/tutorials/goldmdlimages/blendl_smo01.png]
[www.the303.org/tutorials/goldmdlimages/blendl_smo02.png]
[www.the303.org/tutorials/goldmdlimages/blendl_smo03.png]
[www.the303.org/tutorials/goldmdlimages/blendl_imp03.png]
[www.the303.org/tutorials/gold_mdl_blend279.html]
[www.the303.org/tutorials/goldmdlimages/crowbar01.png]
[www.the303.org/tutorials/goldmdlimages/crowbar02.png]
[www.the303.org/tutorials/goldmdlimages/crowbar03.png]
[www.the303.org/tutorials/goldmdlimages/hlmvs01.png]
[www.the303.org/tutorials/goldmdlimages/mapbodyskins.jpg]
[www.the303.org/tutorials/goldmdlimages/svenmdlremap.jpg]
[www.the303.org/tutorials/goldmdlimages/smdformat_t.png]
[www.the303.org/tutorials/gold_mdl_comp.html]
[www.the303.org/tutorials/goldphysimages/map_phys01.jpg]
[www.the303.org/tutorials/goldphysimages/map_phys02.jpg]
[www.the303.org/tutorials/goldphysimages/map_phys03.jpg]
[www.the303.org/tutorials/goldphysimages/final_phys_result.gif]
[www.the303.org/tutorials/goldphysimages/physco01.jpg]
[www.the303.org/tutorials/goldphysimages/final_mapphys_result.gif]
[www.the303.org/tutorials/gold_mdl_phys_map.html]
[www.the303.org/tutorials/goldphysimages/blend279_phys01.jpg]
[www.the303.org/tutorials/goldphysimages/blend279_phys02.jpg]
[www.the303.org/tutorials/goldphysimages/blend279_phys03.jpg]
[www.the303.org/tutorials/goldphysimages/blend279_phys04.jpg]
[www.the303.org/tutorials/goldphysimages/blend279_phys05.jpg]
[www.the303.org/tutorials/goldphysimages/blend279_phys06.jpg]
[www.the303.org/tutorials/goldphysimages/blend279_phys07.jpg]
[www.the303.org/tutorials/goldphysimages/blend279_phys09.png]
[www.the303.org/tutorials/goldphysimages/blend279_phys10.png]
[www.the303.org/tutorials/goldphysimages/blend279_phys11.png]
[www.the303.org/tutorials/goldphysimages/blend279_phys_re.png]
[www.the303.org/tutorials/gold_mdl_phys_blend279.html]
[www.the303.org/tutorials/goldanipropimages/aniprop_3ds04.html]
[www.the303.org/tutorials/goldanipropimages/blend04.html]
[www.the303.org/tutorials/middle.html]
[www.the303.org/tutorials/goldteximages/cmd01.jpg]
[www.the303.org/tutorials/goldteximages/cmd02.jpg]
[www.the303.org/tutorials/goldteximages/cmd03.jpg]
[www.the303.org/tutorials/goldteximages/cmd04.jpg]
[www.the303.org/tutorials/gold_texture_p10.html]
[www.the303.org/tutorials/tutfiles/staticprop_template.html]
[www.the303.org/tutorials/tutfiles/animprop_template.html]
[www.the303.org/tutorials/tutfiles/advprop_template.html]
[www.the303.org/tutorials/goldteximages/trsx5.jpg]
